<!-- Loading shared library : /home/aidangardnerokearny/mucoll/myLCContent/lib64/libLCContent.so (libLCContent.so)-->

<!-- ERROR loading shared library : /home/aidangardnerokearny/mucoll/myLCContent/lib64/libLCContent.so
    ->    /home/aidangardnerokearny/mucoll/myLCContent/lib64/libLCContent.so: undefined symbol: _ZNK7pandora20PandoraObjectFactoryIN15object_creation17ClusterParametersENS_7ClusterEE13NewParametersEv -->

<!-- Loading shared library : /opt/spack/opt/spack/__spack_path_placeholder__/__spack_path_placeholder__/__spack_path_placeholder__/__spack_path_placeholder__/linux-x86_64/actstracking-1.3.2-c55l5b57bnf3ktc6anlbbkfgi6ibe77c/lib/libACTSTracking.so (libACTSTracking.so)-->
<!-- Loading shared library : /opt/spack/opt/spack/__spack_path_placeholder__/__spack_path_placeholder__/__spack_path_placeholder__/__spack_path_placeholder__/linux-x86_64/cedviewer-1.20-kdtf7iznfay2pp67pahl2xdymxtnmnn5/lib/libCEDViewer.so.1.20.0 (libCEDViewer.so)-->
<!-- Loading shared library : /opt/spack/opt/spack/__spack_path_placeholder__/__spack_path_placeholder__/__spack_path_placeholder__/__spack_path_placeholder__/linux-x86_64/clicperformance-02-05-01-hjllesmvxnpioa7n5r2ochrfq6not4g2/lib/libClicPerformance.so.2.5.1 (libClicPerformance.so)-->
<!-- Loading shared library : /opt/spack/opt/spack/__spack_path_placeholder__/__spack_path_placeholder__/__spack_path_placeholder__/__spack_path_placeholder__/linux-x86_64/forwardtracking-1.14.2-dgmk3oggppkvvwlen4mrmapwr4wfxqut/lib/libForwardTracking.so.1.14.2 (libForwardTracking.so)-->
<!-- Loading shared library : /opt/spack/opt/spack/__spack_path_placeholder__/__spack_path_placeholder__/__spack_path_placeholder__/__spack_path_placeholder__/linux-x86_64/garlic-3.1-njsdnhisbh66uxtyzo4yp3es2c3vofnh/lib/libGarlic.so.3.1.0 (libGarlic.so)-->
<!-- Loading shared library : /opt/spack/opt/spack/__spack_path_placeholder__/__spack_path_placeholder__/__spack_path_placeholder__/__spack_path_placeholder__/linux-x86_64/marlinkinfitprocessors-0.5-yy2i3a6bkdq36wu54uyxizcmd6paxhn6/lib/libMarlinKinfitProcessors.so.0.5.0 (libMarlinKinfitProcessors.so)-->
<!-- Loading shared library : /opt/spack/opt/spack/__spack_path_placeholder__/__spack_path_placeholder__/__spack_path_placeholder__/__spack_path_placeholder__/linux-x86_64/marlinmuonid-0.0.2-u72u4qyss3mrao6c6sprpa5gey2nwv5e/lib/libMarlinMuonID.so (libMarlinMuonID.so)-->
<!-- Loading shared library : /opt/spack/opt/spack/__spack_path_placeholder__/__spack_path_placeholder__/__spack_path_placeholder__/__spack_path_placeholder__/linux-x86_64/muoncvxddigitiser-0.2.2-waihd5v3cuimc3tvvzgtc4ut7wcfxxba/lib/libMuonCVXDDigitiser.so.0.2.0 (libMuonCVXDDigitiser.so)-->
<!-- Loading shared library : /opt/spack/opt/spack/__spack_path_placeholder__/__spack_path_placeholder__/__spack_path_placeholder__/__spack_path_placeholder__/linux-x86_64/mybibutils-0.1-omtjkcxg5fitz4os3liuhi37odawloag/lib/libMyBIBUtils.so.0.1.0 (libMyBIBUtils.so)-->
<!-- Loading shared library : /opt/spack/opt/spack/__spack_path_placeholder__/__spack_path_placeholder__/__spack_path_placeholder__/__spack_path_placeholder__/linux-x86_64/pandoraanalysis-2.0.1-cm5jcksczrfksm4yjco4pidrfjt46wer/lib/libPandoraAnalysis.so.2.0.1 (libPandoraAnalysis.so)-->
<!-- Loading shared library : /opt/spack/opt/spack/__spack_path_placeholder__/__spack_path_placeholder__/__spack_path_placeholder__/__spack_path_placeholder__/linux-x86_64/conformaltracking-1.12.1-5qexha4ia5udkzmg3m3ca64q6hm56a7i/lib/libConformalTracking.so.1.12.1 (libConformalTracking.so)-->
<!-- Loading shared library : /opt/spack/opt/spack/__spack_path_placeholder__/__spack_path_placeholder__/__spack_path_placeholder__/__spack_path_placeholder__/linux-x86_64/ddmarlinpandora-0.14-hhsq22ezdtdtctboo5dkducbelchxjse/lib/libDDMarlinPandora.so.0.14.0 (libDDMarlinPandora.so)-->
<!-- Loading shared library : /opt/spack/opt/spack/__spack_path_placeholder__/__spack_path_placeholder__/__spack_path_placeholder__/__spack_path_placeholder__/linux-x86_64/fcalclusterer-1.1-odolegdpoot7vzzxa5chttkr7u5q552l/lib/libFCalClusterer.so (libFCalClusterer.so)-->
<!-- Loading shared library : /opt/spack/opt/spack/__spack_path_placeholder__/__spack_path_placeholder__/__spack_path_placeholder__/__spack_path_placeholder__/linux-x86_64/lcfiplus-0.11-avwgvkq5rde3qgx6g2acit6n6azkmymt/lib/libLCFIPlus.so.0.11.0 (libLCFIPlus.so)-->
<!-- Loading shared library : /opt/spack/opt/spack/__spack_path_placeholder__/__spack_path_placeholder__/__spack_path_placeholder__/__spack_path_placeholder__/linux-x86_64/lctuple-1.15-ui423x2xx36xzyklq4ewvnyqqlauveba/lib/libLCTuple.so.1.15.0 (libLCTuple.so)-->
<!-- Loading shared library : /opt/spack/opt/spack/__spack_path_placeholder__/__spack_path_placeholder__/__spack_path_placeholder__/__spack_path_placeholder__/linux-x86_64/marlinfastjet-0.5.3-wngmtlwkbxbx45omqqlb5k5dncri2kw5/lib/libMarlinFastJet.so.0.5.3 (libMarlinFastJet.so)-->
<!-- Loading shared library : /opt/spack/opt/spack/__spack_path_placeholder__/__spack_path_placeholder__/__spack_path_placeholder__/__spack_path_placeholder__/linux-x86_64/marlinreco-1.36.2-wue3am7hy3x53mk4yydi6qdbpqvti3rl/lib/libMarlinReco.so.1.36.2 (libMarlinReco.so)-->
<!-- Loading shared library : /opt/spack/opt/spack/__spack_path_placeholder__/__spack_path_placeholder__/__spack_path_placeholder__/__spack_path_placeholder__/linux-x86_64/marlintrkprocessors-2.18.2-s3dkupjtsnz623s5fkq4wse7r5k6gknv/lib/libMarlinTrkProcessors.so.2.18.2 (libMarlinTrkProcessors.so)-->
<!-- Loading shared library : /opt/spack/opt/spack/__spack_path_placeholder__/__spack_path_placeholder__/__spack_path_placeholder__/__spack_path_placeholder__/linux-x86_64/overlay-0.26-qndk6jsz3e2t2rkmhmqccewub5vdbot5/lib/libOverlay.so.0.25.0 (libOverlay.so)-->
<!-- Loading shared library : /opt/spack/opt/spack/__spack_path_placeholder__/__spack_path_placeholder__/__spack_path_placeholder__/__spack_path_placeholder__/linux-x86_64/marlindd4hep-0.6.2-q5d6zpii44dyl7xnzsvzyytt7zopsset/lib/libMarlinDD4hep.so.0.6.2 (libMarlinDD4hep.so)-->
